------------------------------------------------------------
Timing Analyzer Summary
------------------------------------------------------------

Type  : Slow 1100mV 85C Model Setup 'clk'
Slack : -0.626
TNS   : -5.261

Type  : Slow 1100mV 85C Model Hold 'clk'
Slack : 0.326
TNS   : 0.000

Type  : Slow 1100mV 85C Model Minimum Pulse Width 'clk'
Slack : -0.724
TNS   : -11.069

Type  : Slow 1100mV 0C Model Setup 'clk'
Slack : -0.710
TNS   : -5.942

Type  : Slow 1100mV 0C Model Hold 'clk'
Slack : 0.310
TNS   : 0.000

Type  : Slow 1100mV 0C Model Minimum Pulse Width 'clk'
Slack : -0.724
TNS   : -11.101

Type  : Fast 1100mV 85C Model Setup 'clk'
Slack : 0.349
TNS   : 0.000

Type  : Fast 1100mV 85C Model Hold 'clk'
Slack : 0.141
TNS   : 0.000

Type  : Fast 1100mV 85C Model Minimum Pulse Width 'clk'
Slack : -0.081
TNS   : -0.804

Type  : Fast 1100mV 0C Model Setup 'clk'
Slack : 0.374
TNS   : 0.000

Type  : Fast 1100mV 0C Model Hold 'clk'
Slack : 0.126
TNS   : 0.000

Type  : Fast 1100mV 0C Model Minimum Pulse Width 'clk'
Slack : -0.084
TNS   : -0.834

------------------------------------------------------------
